 sudo rm -rf /home/newuser

thanooj@thanooj-Inspiron-3521:~$  sudo rm -rf /home/newuser
thanooj@thanooj-Inspiron-3521:~$  sudo rm -rf /home/hadoopuser

thanooj@thanooj-Inspiron-3521:~$ sudo groupdel hadoop
thanooj@thanooj-Inspiron-3521:~$ sudo addgroup hadoop
Adding group `hadoop' (GID 1001) ...
Done.
thanooj@thanooj-Inspiron-3521:~$ sudo adduser --ingroup hadoop hadoopuser
Adding user `hadoopuser' ...
Adding new user `hadoopuser' (1001) with group `hadoop' ...
Creating home directory `/home/hadoopuser' ...
Copying files from `/etc/skel' ...
Enter new UNIX password: 
Retype new UNIX password: 
passwd: password updated successfully
Changing the user information for hadoopuser
Enter the new value, or press ENTER for the default
	Full Name []: hadoopcore
	Room Number []: 1
	Work Phone []: 1
	Home Phone []: 1
	Other []: 1
Is the information correct? [Y/n] Y
thanooj@thanooj-Inspiron-3521:~$ 





pwd - hadoop


thanooj@thanooj-Inspiron-3521:~$ su - hadoopuser
Password: 
hadoopuser@thanooj-Inspiron-3521:~$ ssh-keygen -t rsa -P ""
Generating public/private rsa key pair.
Enter file in which to save the key (/home/hadoopuser/.ssh/id_rsa): 
Created directory '/home/hadoopuser/.ssh'.
Your identification has been saved in /home/hadoopuser/.ssh/id_rsa.
Your public key has been saved in /home/hadoopuser/.ssh/id_rsa.pub.
The key fingerprint is:
SHA256:hi7bZjAWDmBcicbxixhaDXYDqRNBoGWDACCGBt8h7Io hadoopuser@thanooj-Inspiron-3521
The key's randomart image is:
+---[RSA 2048]----+
|^B%+=            |
|O%+O o           |
|*=o.o            |
|=o+ o  .         |
|++ + .. S        |
|E   =. .         |
|   ..o.          |
|     +o          |
|    .o.          |
+----[SHA256]-----+
hadoopuser@thanooj-Inspiron-3521:~$ cat $HOME/.ssh/id_rsa.pub >> $HOME/.ssh/authorized_keys
hadoopuser@thanooj-Inspiron-3521:~$ ssh localhost
The authenticity of host 'localhost (127.0.0.1)' can't be established.
ECDSA key fingerprint is SHA256:LMWwdw55yUq2Z4qZAkWTKPwB7FGFYjSADR+YFuwMA8I.
Are you sure you want to continue connecting (yes/no)? yes
Warning: Permanently added 'localhost' (ECDSA) to the list of known hosts.
Welcome to Ubuntu 16.10 (GNU/Linux 4.8.0-22-generic x86_64)

 * Documentation:  https://help.ubuntu.com
 * Management:     https://landscape.canonical.com
 * Support:        https://ubuntu.com/advantage

143 packages can be updated.
4 updates are security updates.

*** System restart required ***

The programs included with the Ubuntu system are free software;
the exact distribution terms for each program are described in the
individual files in /usr/share/doc/*/copyright.

Ubuntu comes with ABSOLUTELY NO WARRANTY, to the extent permitted by
applicable law.



hadoopuser@thanooj-Inspiron-3521:~$ 

hadoopuser@thanooj-Inspiron-3521:~$ su thanooj
Password: 
thanooj@thanooj-Inspiron-3521:/home/hadoopuser$ sudo visudo
[sudo] password for thanooj: 

an editor will open find a line says

root ALL=(ALL) ALL

add one with your username below that

user ALL=(ALL) ALL

Type ctrl+x Type Y to the prompt 


Ex:

# User privilege specification
root    ALL=(ALL:ALL) ALL
thanooj ALL=(ALL) ALL
hadoopuser ALL=(ALL) ALL




adoopuser@thanooj-Inspiron-3521:~$ sudo chown -R hadoopuser:hadoop /home/thanooj/bigdata/hadoop-2.7.3 


Command 	Description
i	Inserts text before current cursor location.
I	Inserts text at beginning of current line.
a	Inserts text after current cursor location.
A	Inserts text at end of current line.
o	Creates a new line for text entry below cursor location.
O	Creates a new line for text entry above cursor location.
G 	Move to the last line of the file


export HADOOP_OPTS=-Djava.net.preferIPv4Stack=true
export JAVA_HOME=/usr/lib/jvm/java-8-oracle
export SCALA_HOME=/home/thanooj/Scala/scala-2.12.1
export PATH=$PATH:$JAVA_HOME/bin:$SCALA_HOME/bin
export HADOOP_HOME=/home/thanooj/bigdata/hadoop-2.7.3
export HIVE_HOME=/home/thanooj/bigdata/apache-hive-2.1.1-bin
export PATH=$PATH:$HADOOP_HOME/bin:$HADOOP_HOME/sbin:$HIVE_HOME/bin


hadoopuser@thanooj-Inspiron-3521:~$ echo $PATH
/usr/local/sbin:/usr/local/bin:/usr/sbin:/usr/bin:/sbin:/bin:/usr/games:/usr/local/games:/usr/lib/jvm/java-8-oracle/bin:/home/thanooj/Scala/scala-2.12.1/bin:/home/thanooj/bigdata/hadoop-2.7.3/bin:/home/thanooj/bigdata/apache-hive-2.1.1-bin/bin:/usr/lib/jvm/java-8-oracle/bin:/home/thanooj/Scala/scala-2.12.1/bin:/home/thanooj/bigdata/hadoop-2.7.3/bin:/home/thanooj/bigdata/apache-hive-2.1.1-bin/bin



thanooj@thanooj-Inspiron-3521:~/bigdata/hadoop-2.7.3$ sudo gedit $HADOOP_HOME/etc/hadoop/hadoop-env.sh

export JAVA_HOME=/usr/lib/jvm/java-8-oracle
export HADOOP_OPTS=-Djava.net.preferIPv4Stack=true


thanooj@thanooj-Inspiron-3521:~/bigdata/hadoop-2.7.3$ sudo gedit $HADOOP_HOME/etc/hadoop/core-site.xml

<property>
  <name>hadoop.tmp.dir</name>
  <value>/home/thanooj/bigdata/hadoop-2.7.3/tmp</value>
  <description>A base for other temporary directories.</description>
</property>

<property>
  <name>fs.defaultFS</name>
  <value>hdfs://localhost:54310</value>
</property>



sudo chmod 777 *

thanooj@thanooj-Inspiron-3521:~/bigdata/hadoop-2.7.3$ cd /home/thanooj/bigdata/hadoop-2.7.3/tmp
thanooj@thanooj-Inspiron-3521:~/bigdata/hadoop-2.7.3/tmp$ ls -ltr
total 0
thanooj@thanooj-Inspiron-3521:~/bigdata/hadoop-2.7.3/tmp$ 


hadoopuser@thanooj-Inspiron-3521:/home/thanooj/bigdata/hadoop-2.7.3/tmp$ sudo chmod 777 temp


hadoopuser@thanooj-Inspiron-3521:~/bigdata/hadoop-2.7.3/tmp$ sudo chown -R hadoopuser:hadoop /home/thanooj/bigdata/hadoop-2.7.3/tmp


hadoopuser@thanooj-Inspiron-3521:/home/thanooj/bigdata/hadoop-2.7.3$ sudo vi /etc/profile.d/hadoop.sh
export HADOOP_HOME=/home/thanooj/bigdata/hadoop-2.7.3

hadoopuser@thanooj-Inspiron-3521:/home/thanooj/bigdata/hadoop-2.7.3$ sudo chmod +x /etc/profile.d/hadoop.sh
hadoopuser@thanooj-Inspiron-3521:/home/thanooj/bigdata/hadoop-2.7.3$ source /etc/profile.d/hadoop.sh


hadoopuser@thanooj-Inspiron-3521:/home/thanooj/bigdata/hadoop-2.7.3$ echo $HADOOP_HOME
/home/thanooj/bigdata/hadoop-2.7.3


hadoopuser@thanooj-Inspiron-3521:/home/thanooj/bigdata/hadoop-2.7.3/etc/hadoop$ su thanooj
Password: 
thanooj@thanooj-Inspiron-3521:~/bigdata/hadoop-2.7.3/etc/hadoop$ sudo gedit $HADOOP_HOME/etc/hadoop/mapred-site.xml
[sudo] password for thanooj: 


thanooj@thanooj-Inspiron-3521:~/bigdata/hadoop-2.7.3/etc/hadoop$ sudo chmod +x $HADOOP_HOME/etc/hadoop/mapred-site.xml
thanooj@thanooj-Inspiron-3521:~/bigdata/hadoop-2.7.3/etc/hadoop$ sudo chmod 777 *

thanooj@thanooj-Inspiron-3521:~/bigdata/hadoop-2.7.3/etc/hadoop$ su hadoopuser
Password: 
hadoopuser@thanooj-Inspiron-3521:/home/thanooj/bigdata/hadoop-2.7.3/etc/hadoop$ sudo mkdir -p /home/hadoopuser/hdfs

hadoopuser@thanooj-Inspiron-3521:~$ sudo chown -R hadoopuser:hadoop /home/hadoopuser/hdfs

hadoopuser@thanooj-Inspiron-3521:~$ sudo mkdir -p /home/hadoopuser/hdfs
[sudo] password for hadoopuser: 
hadoopuser@thanooj-Inspiron-3521:~$ sudo chown -R hadoopuser:hadoop /home/hadoopuser/hdfs
hadoopuser@thanooj-Inspiron-3521:~$ sudo chmod 777 /home/hadoopuser/hdfs



hadoopuser@thanooj-Inspiron-3521:~$ $HADOOP_HOME/bin/hdfs namenode -format
17/01/28 04:13:44 INFO namenode.NameNode: STARTUP_MSG: 
/************************************************************
STARTUP_MSG: Starting NameNode
STARTUP_MSG:   host = thanooj-Inspiron-3521/127.0.1.1
STARTUP_MSG:   args = [-format]
STARTUP_MSG:   version = 2.7.3
STARTUP_MSG:   classpath = /home/thanooj/bigdata/hadoop-2.7.3/etc/hadoop:/home/thanooj/bigdata/hadoop-2.7.3/share/hadoop/common/lib/htrace-core-3.1.0-incubating.jar:/home/thanooj/bigdata/hadoop-2.7.3/share/hadoop/common/lib/commons-net-3.1.jar:/home/thanooj/bigdata/hadoop-2.7.3/share/hadoop/common/lib/curator-client-2.7.1.jar:/home/thanooj/bigdata/hadoop-2.7.3/share/hadoop/common/lib/httpclient-4.2.5.jar:/home/thanooj/bigdata/hadoop-2.7.3/share/hadoop/common/lib/jackson-mapper-asl-1.9.13.jar:/home/thanooj/bigdata/hadoop-2.7.3/share/hadoop/common/lib/commons-beanutils-core-1.8.0.jar:/home/thanooj/bigdata/hadoop-2.7.3/share/hadoop/common/lib/hadoop-auth-2.7.3.jar:/home/thanooj/bigdata/hadoop-2.7.3/share/hadoop/common/lib/jettison-1.1.jar:/home/thanooj/bigdata/hadoop-2.7.3/share/hadoop/common/lib/commons-beanutils-1.7.0.jar:/home/thanooj/bigdata/hadoop-2.7.3/share/hadoop/common/lib/jaxb-api-2.2.2.jar:/home/thanooj/bigdata/hadoop-2.7.3/share/hadoop/common/lib/hadoop-annotations-2.7.3.jar:/home/thanooj/bigdata/hadoop-2.7.3/share/hadoop/common/lib/jersey-server-1.9.jar:/home/thanooj/bigdata/hadoop-2.7.3/share/hadoop/common/lib/paranamer-2.3.jar:/home/thanooj/bigdata/hadoop-2.7.3/share/hadoop/common/lib/curator-framework-2.7.1.jar:/home/thanooj/bigdata/hadoop-2.7.3/share/hadoop/common/lib/activation-1.1.jar:/home/thanooj/bigdata/hadoop-2.7.3/share/hadoop/common/lib/jaxb-impl-2.2.3-1.jar:/home/thanooj/bigdata/hadoop-2.7.3/share/hadoop/common/lib/stax-api-1.0-2.jar:/home/thanooj/bigdata/hadoop-2.7.3/share/hadoop/common/lib/hamcrest-core-1.3.jar:/home/thanooj/bigdata/hadoop-2.7.3/share/hadoop/common/lib/xmlenc-0.52.jar:/home/thanooj/bigdata/hadoop-2.7.3/share/hadoop/common/lib/jets3t-0.9.0.jar:/home/thanooj/bigdata/hadoop-2.7.3/share/hadoop/common/lib/servlet-api-2.5.jar:/home/thanooj/bigdata/hadoop-2.7.3/share/hadoop/common/lib/commons-configuration-1.6.jar:/home/thanooj/bigdata/hadoop-2.7.3/share/hadoop/common/lib/commons-codec-1.4.jar:/home/thanooj/bigdata/hadoop-2.7.3/share/hadoop/common/lib/jsp-api-2.1.jar:/home/thanooj/bigdata/hadoop-2.7.3/share/hadoop/common/lib/gson-2.2.4.jar:/home/thanooj/bigdata/hadoop-2.7.3/share/hadoop/common/lib/httpcore-4.2.5.jar:/home/thanooj/bigdata/hadoop-2.7.3/share/hadoop/common/lib/jackson-xc-1.9.13.jar:/home/thanooj/bigdata/hadoop-2.7.3/share/hadoop/common/lib/log4j-1.2.17.jar:/home/thanooj/bigdata/hadoop-2.7.3/share/hadoop/common/lib/commons-lang-2.6.jar:/home/thanooj/bigdata/hadoop-2.7.3/share/hadoop/common/lib/commons-cli-1.2.jar:/home/thanooj/bigdata/hadoop-2.7.3/share/hadoop/common/lib/netty-3.6.2.Final.jar:/home/thanooj/bigdata/hadoop-2.7.3/share/hadoop/common/lib/commons-math3-3.1.1.jar:/home/thanooj/bigdata/hadoop-2.7.3/share/hadoop/common/lib/jsr305-3.0.0.jar:/home/thanooj/bigdata/hadoop-2.7.3/share/hadoop/common/lib/commons-collections-3.2.2.jar:/home/thanooj/bigdata/hadoop-2.7.3/share/hadoop/common/lib/apacheds-kerberos-codec-2.0.0-M15.jar:/home/thanooj/bigdata/hadoop-2.7.3/share/hadoop/common/lib/commons-io-2.4.jar:/home/thanooj/bigdata/hadoop-2.7.3/share/hadoop/common/lib/slf4j-log4j12-1.7.10.jar:/home/thanooj/bigdata/hadoop-2.7.3/share/hadoop/common/lib/jetty-6.1.26.jar:/home/thanooj/bigdata/hadoop-2.7.3/share/hadoop/common/lib/slf4j-api-1.7.10.jar:/home/thanooj/bigdata/hadoop-2.7.3/share/hadoop/common/lib/guava-11.0.2.jar:/home/thanooj/bigdata/hadoop-2.7.3/share/hadoop/common/lib/jackson-jaxrs-1.9.13.jar:/home/thanooj/bigdata/hadoop-2.7.3/share/hadoop/common/lib/xz-1.0.jar:/home/thanooj/bigdata/hadoop-2.7.3/share/hadoop/common/lib/jetty-util-6.1.26.jar:/home/thanooj/bigdata/hadoop-2.7.3/share/hadoop/common/lib/curator-recipes-2.7.1.jar:/home/thanooj/bigdata/hadoop-2.7.3/share/hadoop/common/lib/apacheds-i18n-2.0.0-M15.jar:/home/thanooj/bigdata/hadoop-2.7.3/share/hadoop/common/lib/zookeeper-3.4.6.jar:/home/thanooj/bigdata/hadoop-2.7.3/share/hadoop/common/lib/api-util-1.0.0-M20.jar:/home/thanooj/bigdata/hadoop-2.7.3/share/hadoop/common/lib/mockito-all-1.8.5.jar:/home/thanooj/bigdata/hadoop-2.7.3/share/hadoop/common/lib/commons-compress-1.4.1.jar:/home/thanooj/bigdata/hadoop-2.7.3/share/hadoop/common/lib/avro-1.7.4.jar:/home/thanooj/bigdata/hadoop-2.7.3/share/hadoop/common/lib/commons-logging-1.1.3.jar:/home/thanooj/bigdata/hadoop-2.7.3/share/hadoop/common/lib/junit-4.11.jar:/home/thanooj/bigdata/hadoop-2.7.3/share/hadoop/common/lib/snappy-java-1.0.4.1.jar:/home/thanooj/bigdata/hadoop-2.7.3/share/hadoop/common/lib/api-asn1-api-1.0.0-M20.jar:/home/thanooj/bigdata/hadoop-2.7.3/share/hadoop/common/lib/jsch-0.1.42.jar:/home/thanooj/bigdata/hadoop-2.7.3/share/hadoop/common/lib/jersey-core-1.9.jar:/home/thanooj/bigdata/hadoop-2.7.3/share/hadoop/common/lib/asm-3.2.jar:/home/thanooj/bigdata/hadoop-2.7.3/share/hadoop/common/lib/commons-httpclient-3.1.jar:/home/thanooj/bigdata/hadoop-2.7.3/share/hadoop/common/lib/jackson-core-asl-1.9.13.jar:/home/thanooj/bigdata/hadoop-2.7.3/share/hadoop/common/lib/java-xmlbuilder-0.4.jar:/home/thanooj/bigdata/hadoop-2.7.3/share/hadoop/common/lib/jersey-json-1.9.jar:/home/thanooj/bigdata/hadoop-2.7.3/share/hadoop/common/lib/protobuf-java-2.5.0.jar:/home/thanooj/bigdata/hadoop-2.7.3/share/hadoop/common/lib/commons-digester-1.8.jar:/home/thanooj/bigdata/hadoop-2.7.3/share/hadoop/common/hadoop-common-2.7.3-tests.jar:/home/thanooj/bigdata/hadoop-2.7.3/share/hadoop/common/hadoop-common-2.7.3.jar:/home/thanooj/bigdata/hadoop-2.7.3/share/hadoop/common/hadoop-nfs-2.7.3.jar:/home/thanooj/bigdata/hadoop-2.7.3/share/hadoop/hdfs:/home/thanooj/bigdata/hadoop-2.7.3/share/hadoop/hdfs/lib/htrace-core-3.1.0-incubating.jar:/home/thanooj/bigdata/hadoop-2.7.3/share/hadoop/hdfs/lib/commons-daemon-1.0.13.jar:/home/thanooj/bigdata/hadoop-2.7.3/share/hadoop/hdfs/lib/jackson-mapper-asl-1.9.13.jar:/home/thanooj/bigdata/hadoop-2.7.3/share/hadoop/hdfs/lib/jersey-server-1.9.jar:/home/thanooj/bigdata/hadoop-2.7.3/share/hadoop/hdfs/lib/xmlenc-0.52.jar:/home/thanooj/bigdata/hadoop-2.7.3/share/hadoop/hdfs/lib/servlet-api-2.5.jar:/home/thanooj/bigdata/hadoop-2.7.3/share/hadoop/hdfs/lib/commons-codec-1.4.jar:/home/thanooj/bigdata/hadoop-2.7.3/share/hadoop/hdfs/lib/netty-all-4.0.23.Final.jar:/home/thanooj/bigdata/hadoop-2.7.3/share/hadoop/hdfs/lib/log4j-1.2.17.jar:/home/thanooj/bigdata/hadoop-2.7.3/share/hadoop/hdfs/lib/xml-apis-1.3.04.jar:/home/thanooj/bigdata/hadoop-2.7.3/share/hadoop/hdfs/lib/commons-lang-2.6.jar:/home/thanooj/bigdata/hadoop-2.7.3/share/hadoop/hdfs/lib/commons-cli-1.2.jar:/home/thanooj/bigdata/hadoop-2.7.3/share/hadoop/hdfs/lib/netty-3.6.2.Final.jar:/home/thanooj/bigdata/hadoop-2.7.3/share/hadoop/hdfs/lib/jsr305-3.0.0.jar:/home/thanooj/bigdata/hadoop-2.7.3/share/hadoop/hdfs/lib/commons-io-2.4.jar:/home/thanooj/bigdata/hadoop-2.7.3/share/hadoop/hdfs/lib/xercesImpl-2.9.1.jar:/home/thanooj/bigdata/hadoop-2.7.3/share/hadoop/hdfs/lib/jetty-6.1.26.jar:/home/thanooj/bigdata/hadoop-2.7.3/share/hadoop/hdfs/lib/guava-11.0.2.jar:/home/thanooj/bigdata/hadoop-2.7.3/share/hadoop/hdfs/lib/jetty-util-6.1.26.jar:/home/thanooj/bigdata/hadoop-2.7.3/share/hadoop/hdfs/lib/commons-logging-1.1.3.jar:/home/thanooj/bigdata/hadoop-2.7.3/share/hadoop/hdfs/lib/jersey-core-1.9.jar:/home/thanooj/bigdata/hadoop-2.7.3/share/hadoop/hdfs/lib/asm-3.2.jar:/home/thanooj/bigdata/hadoop-2.7.3/share/hadoop/hdfs/lib/jackson-core-asl-1.9.13.jar:/home/thanooj/bigdata/hadoop-2.7.3/share/hadoop/hdfs/lib/leveldbjni-all-1.8.jar:/home/thanooj/bigdata/hadoop-2.7.3/share/hadoop/hdfs/lib/protobuf-java-2.5.0.jar:/home/thanooj/bigdata/hadoop-2.7.3/share/hadoop/hdfs/hadoop-hdfs-2.7.3-tests.jar:/home/thanooj/bigdata/hadoop-2.7.3/share/hadoop/hdfs/hadoop-hdfs-2.7.3.jar:/home/thanooj/bigdata/hadoop-2.7.3/share/hadoop/hdfs/hadoop-hdfs-nfs-2.7.3.jar:/home/thanooj/bigdata/hadoop-2.7.3/share/hadoop/yarn/lib/jackson-mapper-asl-1.9.13.jar:/home/thanooj/bigdata/hadoop-2.7.3/share/hadoop/yarn/lib/jersey-client-1.9.jar:/home/thanooj/bigdata/hadoop-2.7.3/share/hadoop/yarn/lib/jettison-1.1.jar:/home/thanooj/bigdata/hadoop-2.7.3/share/hadoop/yarn/lib/jaxb-api-2.2.2.jar:/home/thanooj/bigdata/hadoop-2.7.3/share/hadoop/yarn/lib/jersey-server-1.9.jar:/home/thanooj/bigdata/hadoop-2.7.3/share/hadoop/yarn/lib/aopalliance-1.0.jar:/home/thanooj/bigdata/hadoop-2.7.3/share/hadoop/yarn/lib/jersey-guice-1.9.jar:/home/thanooj/bigdata/hadoop-2.7.3/share/hadoop/yarn/lib/zookeeper-3.4.6-tests.jar:/home/thanooj/bigdata/hadoop-2.7.3/share/hadoop/yarn/lib/activation-1.1.jar:/home/thanooj/bigdata/hadoop-2.7.3/share/hadoop/yarn/lib/jaxb-impl-2.2.3-1.jar:/home/thanooj/bigdata/hadoop-2.7.3/share/hadoop/yarn/lib/stax-api-1.0-2.jar:/home/thanooj/bigdata/hadoop-2.7.3/share/hadoop/yarn/lib/servlet-api-2.5.jar:/home/thanooj/bigdata/hadoop-2.7.3/share/hadoop/yarn/lib/commons-codec-1.4.jar:/home/thanooj/bigdata/hadoop-2.7.3/share/hadoop/yarn/lib/jackson-xc-1.9.13.jar:/home/thanooj/bigdata/hadoop-2.7.3/share/hadoop/yarn/lib/log4j-1.2.17.jar:/home/thanooj/bigdata/hadoop-2.7.3/share/hadoop/yarn/lib/commons-lang-2.6.jar:/home/thanooj/bigdata/hadoop-2.7.3/share/hadoop/yarn/lib/commons-cli-1.2.jar:/home/thanooj/bigdata/hadoop-2.7.3/share/hadoop/yarn/lib/netty-3.6.2.Final.jar:/home/thanooj/bigdata/hadoop-2.7.3/share/hadoop/yarn/lib/jsr305-3.0.0.jar:/home/thanooj/bigdata/hadoop-2.7.3/share/hadoop/yarn/lib/commons-collections-3.2.2.jar:/home/thanooj/bigdata/hadoop-2.7.3/share/hadoop/yarn/lib/commons-io-2.4.jar:/home/thanooj/bigdata/hadoop-2.7.3/share/hadoop/yarn/lib/jetty-6.1.26.jar:/home/thanooj/bigdata/hadoop-2.7.3/share/hadoop/yarn/lib/guava-11.0.2.jar:/home/thanooj/bigdata/hadoop-2.7.3/share/hadoop/yarn/lib/jackson-jaxrs-1.9.13.jar:/home/thanooj/bigdata/hadoop-2.7.3/share/hadoop/yarn/lib/xz-1.0.jar:/home/thanooj/bigdata/hadoop-2.7.3/share/hadoop/yarn/lib/jetty-util-6.1.26.jar:/home/thanooj/bigdata/hadoop-2.7.3/share/hadoop/yarn/lib/zookeeper-3.4.6.jar:/home/thanooj/bigdata/hadoop-2.7.3/share/hadoop/yarn/lib/commons-compress-1.4.1.jar:/home/thanooj/bigdata/hadoop-2.7.3/share/hadoop/yarn/lib/commons-logging-1.1.3.jar:/home/thanooj/bigdata/hadoop-2.7.3/share/hadoop/yarn/lib/jersey-core-1.9.jar:/home/thanooj/bigdata/hadoop-2.7.3/share/hadoop/yarn/lib/asm-3.2.jar:/home/thanooj/bigdata/hadoop-2.7.3/share/hadoop/yarn/lib/jackson-core-asl-1.9.13.jar:/home/thanooj/bigdata/hadoop-2.7.3/share/hadoop/yarn/lib/javax.inject-1.jar:/home/thanooj/bigdata/hadoop-2.7.3/share/hadoop/yarn/lib/guice-3.0.jar:/home/thanooj/bigdata/hadoop-2.7.3/share/hadoop/yarn/lib/jersey-json-1.9.jar:/home/thanooj/bigdata/hadoop-2.7.3/share/hadoop/yarn/lib/leveldbjni-all-1.8.jar:/home/thanooj/bigdata/hadoop-2.7.3/share/hadoop/yarn/lib/guice-servlet-3.0.jar:/home/thanooj/bigdata/hadoop-2.7.3/share/hadoop/yarn/lib/protobuf-java-2.5.0.jar:/home/thanooj/bigdata/hadoop-2.7.3/share/hadoop/yarn/hadoop-yarn-server-nodemanager-2.7.3.jar:/home/thanooj/bigdata/hadoop-2.7.3/share/hadoop/yarn/hadoop-yarn-server-common-2.7.3.jar:/home/thanooj/bigdata/hadoop-2.7.3/share/hadoop/yarn/hadoop-yarn-applications-unmanaged-am-launcher-2.7.3.jar:/home/thanooj/bigdata/hadoop-2.7.3/share/hadoop/yarn/hadoop-yarn-server-applicationhistoryservice-2.7.3.jar:/home/thanooj/bigdata/hadoop-2.7.3/share/hadoop/yarn/hadoop-yarn-client-2.7.3.jar:/home/thanooj/bigdata/hadoop-2.7.3/share/hadoop/yarn/hadoop-yarn-server-web-proxy-2.7.3.jar:/home/thanooj/bigdata/hadoop-2.7.3/share/hadoop/yarn/hadoop-yarn-registry-2.7.3.jar:/home/thanooj/bigdata/hadoop-2.7.3/share/hadoop/yarn/hadoop-yarn-server-tests-2.7.3.jar:/home/thanooj/bigdata/hadoop-2.7.3/share/hadoop/yarn/hadoop-yarn-server-resourcemanager-2.7.3.jar:/home/thanooj/bigdata/hadoop-2.7.3/share/hadoop/yarn/hadoop-yarn-applications-distributedshell-2.7.3.jar:/home/thanooj/bigdata/hadoop-2.7.3/share/hadoop/yarn/hadoop-yarn-common-2.7.3.jar:/home/thanooj/bigdata/hadoop-2.7.3/share/hadoop/yarn/hadoop-yarn-api-2.7.3.jar:/home/thanooj/bigdata/hadoop-2.7.3/share/hadoop/yarn/hadoop-yarn-server-sharedcachemanager-2.7.3.jar:/home/thanooj/bigdata/hadoop-2.7.3/share/hadoop/mapreduce/lib/jackson-mapper-asl-1.9.13.jar:/home/thanooj/bigdata/hadoop-2.7.3/share/hadoop/mapreduce/lib/hadoop-annotations-2.7.3.jar:/home/thanooj/bigdata/hadoop-2.7.3/share/hadoop/mapreduce/lib/jersey-server-1.9.jar:/home/thanooj/bigdata/hadoop-2.7.3/share/hadoop/mapreduce/lib/paranamer-2.3.jar:/home/thanooj/bigdata/hadoop-2.7.3/share/hadoop/mapreduce/lib/aopalliance-1.0.jar:/home/thanooj/bigdata/hadoop-2.7.3/share/hadoop/mapreduce/lib/jersey-guice-1.9.jar:/home/thanooj/bigdata/hadoop-2.7.3/share/hadoop/mapreduce/lib/hamcrest-core-1.3.jar:/home/thanooj/bigdata/hadoop-2.7.3/share/hadoop/mapreduce/lib/log4j-1.2.17.jar:/home/thanooj/bigdata/hadoop-2.7.3/share/hadoop/mapreduce/lib/netty-3.6.2.Final.jar:/home/thanooj/bigdata/hadoop-2.7.3/share/hadoop/mapreduce/lib/commons-io-2.4.jar:/home/thanooj/bigdata/hadoop-2.7.3/share/hadoop/mapreduce/lib/xz-1.0.jar:/home/thanooj/bigdata/hadoop-2.7.3/share/hadoop/mapreduce/lib/commons-compress-1.4.1.jar:/home/thanooj/bigdata/hadoop-2.7.3/share/hadoop/mapreduce/lib/avro-1.7.4.jar:/home/thanooj/bigdata/hadoop-2.7.3/share/hadoop/mapreduce/lib/junit-4.11.jar:/home/thanooj/bigdata/hadoop-2.7.3/share/hadoop/mapreduce/lib/snappy-java-1.0.4.1.jar:/home/thanooj/bigdata/hadoop-2.7.3/share/hadoop/mapreduce/lib/jersey-core-1.9.jar:/home/thanooj/bigdata/hadoop-2.7.3/share/hadoop/mapreduce/lib/asm-3.2.jar:/home/thanooj/bigdata/hadoop-2.7.3/share/hadoop/mapreduce/lib/jackson-core-asl-1.9.13.jar:/home/thanooj/bigdata/hadoop-2.7.3/share/hadoop/mapreduce/lib/javax.inject-1.jar:/home/thanooj/bigdata/hadoop-2.7.3/share/hadoop/mapreduce/lib/guice-3.0.jar:/home/thanooj/bigdata/hadoop-2.7.3/share/hadoop/mapreduce/lib/leveldbjni-all-1.8.jar:/home/thanooj/bigdata/hadoop-2.7.3/share/hadoop/mapreduce/lib/guice-servlet-3.0.jar:/home/thanooj/bigdata/hadoop-2.7.3/share/hadoop/mapreduce/lib/protobuf-java-2.5.0.jar:/home/thanooj/bigdata/hadoop-2.7.3/share/hadoop/mapreduce/hadoop-mapreduce-client-hs-plugins-2.7.3.jar:/home/thanooj/bigdata/hadoop-2.7.3/share/hadoop/mapreduce/hadoop-mapreduce-client-app-2.7.3.jar:/home/thanooj/bigdata/hadoop-2.7.3/share/hadoop/mapreduce/hadoop-mapreduce-client-jobclient-2.7.3.jar:/home/thanooj/bigdata/hadoop-2.7.3/share/hadoop/mapreduce/hadoop-mapreduce-client-core-2.7.3.jar:/home/thanooj/bigdata/hadoop-2.7.3/share/hadoop/mapreduce/hadoop-mapreduce-examples-2.7.3.jar:/home/thanooj/bigdata/hadoop-2.7.3/share/hadoop/mapreduce/hadoop-mapreduce-client-shuffle-2.7.3.jar:/home/thanooj/bigdata/hadoop-2.7.3/share/hadoop/mapreduce/hadoop-mapreduce-client-common-2.7.3.jar:/home/thanooj/bigdata/hadoop-2.7.3/share/hadoop/mapreduce/hadoop-mapreduce-client-jobclient-2.7.3-tests.jar:/home/thanooj/bigdata/hadoop-2.7.3/share/hadoop/mapreduce/hadoop-mapreduce-client-hs-2.7.3.jar:/home/thanooj/bigdata/hadoop-2.7.3/contrib/capacity-scheduler/*.jar
STARTUP_MSG:   build = https://git-wip-us.apache.org/repos/asf/hadoop.git -r baa91f7c6bc9cb92be5982de4719c1c8af91ccff; compiled by 'root' on 2016-08-18T01:41Z
STARTUP_MSG:   java = 1.8.0_121
************************************************************/
17/01/28 04:13:44 INFO namenode.NameNode: registered UNIX signal handlers for [TERM, HUP, INT]
17/01/28 04:13:44 INFO namenode.NameNode: createNameNode [-format]
Formatting using clusterid: CID-1f92ebea-2bbc-4d03-98de-8326777379df
17/01/28 04:13:46 INFO namenode.FSNamesystem: No KeyProvider found.
17/01/28 04:13:46 INFO namenode.FSNamesystem: fsLock is fair:true
17/01/28 04:13:46 INFO blockmanagement.DatanodeManager: dfs.block.invalidate.limit=1000
17/01/28 04:13:46 INFO blockmanagement.DatanodeManager: dfs.namenode.datanode.registration.ip-hostname-check=true
17/01/28 04:13:46 INFO blockmanagement.BlockManager: dfs.namenode.startup.delay.block.deletion.sec is set to 000:00:00:00.000
17/01/28 04:13:46 INFO blockmanagement.BlockManager: The block deletion will start around 2017 Jan 28 04:13:46
17/01/28 04:13:46 INFO util.GSet: Computing capacity for map BlocksMap
17/01/28 04:13:46 INFO util.GSet: VM type       = 64-bit
17/01/28 04:13:46 INFO util.GSet: 2.0% max memory 889 MB = 17.8 MB
17/01/28 04:13:46 INFO util.GSet: capacity      = 2^21 = 2097152 entries
17/01/28 04:13:46 INFO blockmanagement.BlockManager: dfs.block.access.token.enable=false
17/01/28 04:13:46 INFO blockmanagement.BlockManager: defaultReplication         = 1
17/01/28 04:13:46 INFO blockmanagement.BlockManager: maxReplication             = 512
17/01/28 04:13:46 INFO blockmanagement.BlockManager: minReplication             = 1
17/01/28 04:13:46 INFO blockmanagement.BlockManager: maxReplicationStreams      = 2
17/01/28 04:13:46 INFO blockmanagement.BlockManager: replicationRecheckInterval = 3000
17/01/28 04:13:46 INFO blockmanagement.BlockManager: encryptDataTransfer        = false
17/01/28 04:13:46 INFO blockmanagement.BlockManager: maxNumBlocksToLog          = 1000
17/01/28 04:13:46 INFO namenode.FSNamesystem: fsOwner             = hadoopuser (auth:SIMPLE)
17/01/28 04:13:46 INFO namenode.FSNamesystem: supergroup          = supergroup
17/01/28 04:13:46 INFO namenode.FSNamesystem: isPermissionEnabled = true
17/01/28 04:13:46 INFO namenode.FSNamesystem: HA Enabled: false
17/01/28 04:13:46 INFO namenode.FSNamesystem: Append Enabled: true
17/01/28 04:13:47 INFO util.GSet: Computing capacity for map INodeMap
17/01/28 04:13:47 INFO util.GSet: VM type       = 64-bit
17/01/28 04:13:47 INFO util.GSet: 1.0% max memory 889 MB = 8.9 MB
17/01/28 04:13:47 INFO util.GSet: capacity      = 2^20 = 1048576 entries
17/01/28 04:13:47 INFO namenode.FSDirectory: ACLs enabled? false
17/01/28 04:13:47 INFO namenode.FSDirectory: XAttrs enabled? true
17/01/28 04:13:47 INFO namenode.FSDirectory: Maximum size of an xattr: 16384
17/01/28 04:13:47 INFO namenode.NameNode: Caching file names occuring more than 10 times
17/01/28 04:13:47 INFO util.GSet: Computing capacity for map cachedBlocks
17/01/28 04:13:47 INFO util.GSet: VM type       = 64-bit
17/01/28 04:13:47 INFO util.GSet: 0.25% max memory 889 MB = 2.2 MB
17/01/28 04:13:47 INFO util.GSet: capacity      = 2^18 = 262144 entries
17/01/28 04:13:47 INFO namenode.FSNamesystem: dfs.namenode.safemode.threshold-pct = 0.9990000128746033
17/01/28 04:13:47 INFO namenode.FSNamesystem: dfs.namenode.safemode.min.datanodes = 0
17/01/28 04:13:47 INFO namenode.FSNamesystem: dfs.namenode.safemode.extension     = 30000
17/01/28 04:13:47 INFO metrics.TopMetrics: NNTop conf: dfs.namenode.top.window.num.buckets = 10
17/01/28 04:13:47 INFO metrics.TopMetrics: NNTop conf: dfs.namenode.top.num.users = 10
17/01/28 04:13:47 INFO metrics.TopMetrics: NNTop conf: dfs.namenode.top.windows.minutes = 1,5,25
17/01/28 04:13:47 INFO namenode.FSNamesystem: Retry cache on namenode is enabled
17/01/28 04:13:47 INFO namenode.FSNamesystem: Retry cache will use 0.03 of total heap and retry cache entry expiry time is 600000 millis
17/01/28 04:13:47 INFO util.GSet: Computing capacity for map NameNodeRetryCache
17/01/28 04:13:47 INFO util.GSet: VM type       = 64-bit
17/01/28 04:13:47 INFO util.GSet: 0.029999999329447746% max memory 889 MB = 273.1 KB
17/01/28 04:13:47 INFO util.GSet: capacity      = 2^15 = 32768 entries
17/01/28 04:13:47 INFO namenode.FSImage: Allocated new BlockPoolId: BP-1670701472-127.0.1.1-1485557027710
17/01/28 04:13:47 INFO common.Storage: Storage directory /home/thanooj/bigdata/hadoop-2.7.3/tmp/dfs/name has been successfully formatted.
17/01/28 04:13:47 INFO namenode.FSImageFormatProtobuf: Saving image file /home/thanooj/bigdata/hadoop-2.7.3/tmp/dfs/name/current/fsimage.ckpt_0000000000000000000 using no compression
17/01/28 04:13:48 INFO namenode.FSImageFormatProtobuf: Image file /home/thanooj/bigdata/hadoop-2.7.3/tmp/dfs/name/current/fsimage.ckpt_0000000000000000000 of size 357 bytes saved in 0 seconds.
17/01/28 04:13:48 INFO namenode.NNStorageRetentionManager: Going to retain 1 images with txid >= 0
17/01/28 04:13:48 INFO util.ExitUtil: Exiting with status 0
17/01/28 04:13:48 INFO namenode.NameNode: SHUTDOWN_MSG: 
/************************************************************
SHUTDOWN_MSG: Shutting down NameNode at thanooj-Inspiron-3521/127.0.1.1
************************************************************/
hadoopuser@thanooj-Inspiron-3521:~$ 





hadoopuser@thanooj-Inspiron-3521:~$ source ~/.bashrc
hadoopuser@thanooj-Inspiron-3521:~$ vi ~/.bashrc
hadoopuser@thanooj-Inspiron-3521:~$ vi ~/.bashrc
hadoopuser@thanooj-Inspiron-3521:~$ source ~/.bashrc
hadoopuser@thanooj-Inspiron-3521:~$ start-dfs.sh
Starting namenodes on [localhost]
hadoopuser@localhost's password: 
localhost: starting namenode, logging to /home/thanooj/bigdata/hadoop-2.7.3/logs/hadoop-hadoopuser-namenode-thanooj-Inspiron-3521.out
hadoopuser@localhost's password: 
localhost: starting datanode, logging to /home/thanooj/bigdata/hadoop-2.7.3/logs/hadoop-hadoopuser-datanode-thanooj-Inspiron-3521.out
Starting secondary namenodes [0.0.0.0]
The authenticity of host '0.0.0.0 (0.0.0.0)' can't be established.
ECDSA key fingerprint is SHA256:LMWwdw55yUq2Z4qZAkWTKPwB7FGFYjSADR+YFuwMA8I.
Are you sure you want to continue connecting (yes/no)? yes
0.0.0.0: Warning: Permanently added '0.0.0.0' (ECDSA) to the list of known hosts.
hadoopuser@0.0.0.0's password: 
0.0.0.0: starting secondarynamenode, logging to /home/thanooj/bigdata/hadoop-2.7.3/logs/hadoop-hadoopuser-secondarynamenode-thanooj-Inspiron-3521.out
hadoopuser@thanooj-Inspiron-3521:~$ start-yarn.sh
starting yarn daemons
starting resourcemanager, logging to /home/thanooj/bigdata/hadoop-2.7.3/logs/yarn-hadoopuser-resourcemanager-thanooj-Inspiron-3521.out
hadoopuser@localhost's password: 
localhost: starting nodemanager, logging to /home/thanooj/bigdata/hadoop-2.7.3/logs/yarn-hadoopuser-nodemanager-thanooj-Inspiron-3521.out
hadoopuser@thanooj-Inspiron-3521:~$ jps
2369 SecondaryNameNode
2100 DataNode
1909 NameNode
3078 NodeManager
2556 ResourceManager
3183 Jps
hadoopuser@thanooj-Inspiron-3521:~$ 




Step 9) Stopping Hadoop

$HADOOP_HOME/sbin/stop-dfs.sh 
$HADOOP_HOME/sbin/stop-yarn.sh



hadoopuser@thanooj-Inspiron-3521:~$ stop-dfs.sh
Stopping namenodes on [localhost]
hadoopuser@localhost's password: 
localhost: stopping namenode
hadoopuser@localhost's password: 
localhost: stopping datanode
Stopping secondary namenodes [0.0.0.0]
hadoopuser@0.0.0.0's password: 
0.0.0.0: stopping secondarynamenode
hadoopuser@thanooj-Inspiron-3521:~$ stop-yarn.sh
stopping yarn daemons
stopping resourcemanager
hadoopuser@localhost's password: 
localhost: stopping nodemanager
no proxyserver to stop
hadoopuser@thanooj-Inspiron-3521:~$ jps
4210 Jps
hadoopuser@thanooj-Inspiron-3521:~$ 
